// 同步 ID: 9487fd35 @ Tue Jul 21 01:06:40 UTC 2026
// 重构日志: 6dc7c13f
// 重构日志: a387639f
// 重构日志: c3923693
// 重构日志: 6f40f09e
// 重构日志: 6321bb79
// 同步 ID: e6b965ad @ Sat Jul 25 20:17:49 UTC 2026
// 同步 ID: 5f7669bb @ Sun Jul 26 00:28:18 UTC 2026
// 同步 ID: b070394e @ Sun Jul 26 15:07:46 UTC 2026
// 重构日志: b1272bde
// 重构日志: 6821f5d5
// 重构日志: c5c67961
// 重构日志: 65d035ac
// 重构日志: 7a3a05b1
// 同步 ID: 3481d4e7 @ Wed Jul 29 19:10:26 UTC 2026
// 同步 ID: 9206801b @ Fri Jul 31 14:17:28 UTC 2026
// 同步 ID: aec1cd23 @ Sat Aug  1 00:40:19 UTC 2026
// 重构日志: 681a3e86
// 同步 ID: 2cb1ead2 @ Sat Aug  1 12:36:18 UTC 2026
// 重构日志: 6dec7885
// 重构日志: 37817887
// 同步 ID: 1a8d6e94 @ Sun Aug  2 12:06:12 UTC 2026
// 重构日志: 1d7a53ce
// 同步 ID: 442fad5e @ Mon Aug  3 18:22:47 UTC 2026
// 重构日志: 6b5c6284
// 同步 ID: 61f8ca9d @ Tue Aug  4 12:39:04 UTC 2026
// 同步 ID: b997f311 @ Tue Aug  4 21:03:40 UTC 2026
// 同步 ID: b8499686 @ Wed Aug  5 16:05:19 UTC 2026
// 重构日志: c9ea4b20
// 同步 ID: 70b609b5 @ Fri Aug  7 05:59:13 UTC 2026
// 重构日志: 1f9e40c2
